.ELFLOW;6;0;2;
.CORIFLOW;6;2;2;
.ELPRESS;6;4;2;
.DV_INIT;6;6;2;
.DV_DISABLED;6;8;2;
.DV_IDLE;6;10;2;
.DV_SETTING_REQ;6;12;2;
.DV_CONTROLLING;6;14;2;
.DV_SETTLED;6;16;2;
.DV_ERROR;6;18;2;
.DEV_ERR_NONE;6;20;2;
.DEV_ERR_INIT;6;22;2;
.DEV_ERR_SV_ACCEPT_TIMEOUT;6;24;2;
.DEV_ERR_AV_Reach_TIMEOUT;6;26;2;
.DEV_ERR_AV_Maintain_TIMEOUT;6;28;2;
.DEV_ERR_HARDWARE;6;30;2;
.DEV_ERR_COMMUNICATION;6;32;2;
.DEV_ERR_DEVICE_FAILURE;6;34;2;
.NormalerSollwert;6;36;2;
.SV0;6;38;2;
.OutOfRange;6;40;2;
.ConfigChange;6;42;2;
.UTIL_PLC_MMPREADY;6;44;1;
.Tcs_ERC_ParmInvalid;6;45;4;
.Tcs_ERC_NoSelf;6;49;4;
.Tcs_ERC_Internal;6;53;4;
.Tcs_MX_Code;6;57;4;
.Tcs_MB_Code;6;61;4;
.Tcs_MD_Code;6;65;4;
.Tcs_MR_Code;6;69;4;
.Tcs_MW_Code;6;73;4;
.Tcs_RD_Code;6;77;4;
.Tcs_GD_Code;6;81;4;
.Tcs_CONF_PassString;6;85;4;
.Tcs_CONF_PassNumber;6;89;4;
.Tcs_CONF_ReinitRetain;6;93;4;
.Tcs_CONF_MarkerBattPool;6;97;4;
.Tcs_CONF_OverTime;6;101;4;
.Tcs_CONF_SevereOverTime;6;105;4;
.Tcs_VER_Alpha;6;109;4;
.Tcs_VER_Beta;6;113;4;
.Tcs_VER_Release;6;117;4;
.MSys_DIR_System;6;121;4;
.MSys_DIR_Driver;6;125;4;
.MSys_DIR_Application;6;129;4;
.MSys_DIR_Temporary;6;133;4;
.MSys_DIR_NonVolatile;6;137;4;
.MSys_CPU_80386;6;141;4;
.MSys_CPU_80486;6;145;4;
.MSys_CPU_Pentium;6;149;4;
.MSys_CPU_Geode;6;153;4;
.MSys_CPU_Pentium3;6;157;4;
.MSys_CPU_Pentium4;6;161;4;
.MSys_CPU_Atom;6;165;4;
.WDOG_REB_UNKNOWN;6;169;4;
.WDOG_REB_POWERFAIL;6;173;4;
.WDOG_REB_PANIC;6;177;4;
.WDOG_REB_WDOGKNOWN;6;181;4;
.WDOG_REB_WDOGUNKNOWN;6;185;4;
.PF_E_PARM;6;189;4;
.PF_E_NOFILE;6;193;4;
.PF_E_FILEBIG;6;197;4;
.PF_E_FILEEMPTY;6;201;4;
.PF_E_NOSEC;6;205;4;
.PF_E_NOGRP;6;209;4;
.PF_E_NOKEY;6;213;4;
.PF_E_ENDFILE;6;217;4;
.PF_E_NOSET;6;221;4;
.PF_E_NOUNIT;6;225;4;
.PF_MODE_RELOAD_FILE;6;229;4;
.PF_MODE_USE_FILE;6;233;4;
.PF_MODE_USE_DEFAULTS;6;237;4;
.PF_MODE_FILE_LOADED;6;241;4;
.Util_CMD_GetFcnHandle;6;245;4;
.Util_CMD_CallCFcn;6;249;4;
.Util_ERR_CallC_HandleInit;6;253;4;
.Util_ERR_CallC_HandleOk;6;257;4;
.Util_ERR_CallC_FcnNotFound;6;261;4;
.Util_ERR_CallC_NoHandle;6;265;4;
.Util_ERR_CallC_InvalidCmd;6;269;4;
.Util_ERR_CallC_NoSelf;6;273;4;
.Util_ERR_CallC_Internal;6;277;4;
.Util_CallC_Mode_C;6;281;4;
.Util_CallC_Mode_PLC;6;285;4;
.Util_ERR_SymVal_Ok;6;289;4;
.Util_ERR_SymVal_InvalidName;6;293;4;
.Util_ERR_SymVal_NoHandle;6;297;4;
.Util_ERR_SymVal_InvalidLength;6;301;4;
.Util_ERR_WDogSet_Ok;6;305;4;
.Util_ERR_WDogSet_WDNotActive;6;309;4;
.Util_ERR_WDogSet_LowWTime;6;313;4;
.Util_ERR_WDogSet_HighWTime;6;317;4;
.Util_ERR_WDogSet_ConfigErr;6;321;4;
.Util_LIST_GetHead;6;325;4;
.Util_LIST_GetTail;6;329;4;
.Util_LIST_GetById;6;333;4;
.Util_LIST_InsertHead;6;337;4;
.Util_LIST_InsertTail;6;341;4;
.Util_LIST_RemoveAll;6;345;4;
.Util_LIST_RemoveHead;6;349;4;
.Util_LIST_RemoveTail;6;353;4;
.Util_ERR_LstOk;6;357;4;
.Util_ERR_LstNoMem;6;361;4;
.Util_ERR_LstInvHandle;6;365;4;
.Util_ERR_LstListEmpty;6;369;4;
.Util_ERR_LstListFull;6;373;4;
.Util_ERR_LstInvCmd;6;377;4;
.Util_ERR_LstNotFound;6;381;4;
.Util_DT_Mode_UTC;6;385;4;
.Util_DT_Mode_Local;6;389;4;
.Util_CLOCK_RealTime;6;393;4;
.Util_CLOCK_Monotonic;6;397;4;
.Util_CLOCK_Ptp;6;401;4;
.Util_CLOCK_RtcNano;6;405;4;
.Util64_TIMESTAMP_Result_OK;6;409;4;
.Util64_TIMESTAMP_Result_Error;6;413;4;
.Util64_TIMESTAMP_Result_Overflow;6;417;4;
.Util64_TIMESTAMP_Result_Underflow;6;421;4;
.Util64_TIMESTAMP_Result_Negative;6;425;4;
.Util64_TIMESTAMP_Result_Invalid_Range;6;429;4;
.Util64_TIMESTAMP_Result_Zero;6;433;4;
.UTIL_PLC_LIBVER;6;470;17;
CONCAT.STR1;7;0;1024;
CONCAT.STR2;7;1024;1024;
CONCAT.<RET>;7;2048;1024;
.CTD;0;0;8;
CTD.M;8;0;1;
CTD.CD;8;1;1;
CTD.LOAD;8;2;1;
CTD.PV;8;3;2;
CTD.Q;8;5;1;
CTD.CV;8;6;2;
.CTU;0;0;8;
CTU.M;9;0;1;
CTU.CU;9;1;1;
CTU.RESET;9;2;1;
CTU.PV;9;3;2;
CTU.Q;9;5;1;
CTU.CV;9;6;2;
.CTUD;0;0;12;
CTUD.MU;10;0;1;
CTUD.MD;10;1;1;
CTUD.CU;10;2;1;
CTUD.CD;10;3;1;
CTUD.RESET;10;4;1;
CTUD.LOAD;10;5;1;
CTUD.PV;10;6;2;
CTUD.QU;10;8;1;
CTUD.QD;10;9;1;
CTUD.CV;10;10;2;
DELETE.STR;11;0;1024;
DELETE.LEN;11;1024;2;
DELETE.POS;11;1026;2;
DELETE.<RET>;11;1028;1024;
.F_TRIG;0;0;3;
F_TRIG.M;12;0;1;
F_TRIG.S1;12;1;1;
F_TRIG.Q0;12;2;1;
FIND.STR1;13;0;1024;
FIND.STR2;13;1024;1024;
FIND.<RET>;13;2048;2;
GETLARGESTRINGS.VAL;14;0;4;
GETLARGESTRINGS.<RET>;14;4;4;
INSERT.STR1;15;0;1024;
INSERT.STR2;15;1024;1024;
INSERT.POS;15;2048;2;
INSERT.<RET>;15;2050;1024;
LEFT.STR;16;0;1024;
LEFT.SIZE;16;1024;2;
LEFT.<RET>;16;1026;1024;
LEN.STR;17;0;1024;
LEN.<RET>;17;1024;2;
MID.STR;18;0;1024;
MID.LEN;18;1024;2;
MID.POS;18;1026;2;
MID.<RET>;18;1028;1024;
.R_TRIG;0;0;3;
R_TRIG.M;19;0;1;
R_TRIG.S1;19;1;1;
R_TRIG.Q0;19;2;1;
REPLACE.STR1;20;0;1024;
REPLACE.STR2;20;1024;1024;
REPLACE.L;20;2048;2;
REPLACE.P;20;2050;2;
REPLACE.<RET>;20;2052;1024;
RIGHT.STR;21;0;1024;
RIGHT.SIZE;21;1024;2;
RIGHT.<RET>;21;1026;1024;
.RS;0;0;3;
RS.SET;22;0;1;
RS.RESET1;22;1;1;
RS.Q1;22;2;1;
.RTC;0;0;10;
RTC.EN;23;0;1;
RTC.PDT;23;1;4;
RTC.Q;23;5;1;
RTC.CDT;23;6;4;
.SEMA;0;0;4;
SEMA.X;24;0;1;
SEMA.CLAIM;24;1;1;
SEMA.RELEASE;24;2;1;
SEMA.BUSY;24;3;1;
SETLARGESTRINGS.VAL;25;0;1;
SETLARGESTRINGS.<RET>;25;1;4;
.SR;0;0;3;
SR.SET1;26;0;1;
SR.RESET;26;1;1;
SR.Q1;26;2;1;
STANDARD_GETVERSION.dummy;27;0;1;
STANDARD_GETVERSION.<RET>;27;1;17;
.STCTR;0;0;14;
STCTR.STARTTIME;28;0;4;
STCTR.ACTIVE;28;4;1;
STCTR.RESET;28;5;1;
STCTR.SERVICETIME;28;6;8;
.TOF;0;0;15;
TOF.M;29;0;1;
TOF.StartTime;29;1;4;
TOF.IN;29;5;1;
TOF.PT;29;6;4;
TOF.Q;29;10;1;
TOF.ET;29;11;4;
TOLOWERCASE.STR;30;0;1024;
TOLOWERCASE.<RET>;30;1024;1024;
.TON;0;0;15;
TON.M;31;0;1;
TON.StartTime;31;1;4;
TON.IN;31;5;1;
TON.PT;31;6;4;
TON.Q;31;10;1;
TON.ET;31;11;4;
TOUPPERCASE.STR;32;0;1024;
TOUPPERCASE.<RET>;32;1024;1024;
.TP;0;0;14;
TP.StartTime;33;0;4;
TP.IN;33;4;1;
TP.PT;33;5;4;
TP.Q;33;9;1;
TP.ET;33;10;4;
TRIM.STR;34;0;1024;
TRIM.<RET>;34;1024;1024;
TRIMLEFT.STR;35;0;1024;
TRIMLEFT.<RET>;35;1024;1024;
TRIMRIGHT.STR;36;0;1024;
TRIMRIGHT.<RET>;36;1024;1024;
BCD_TO_DINT.Num;37;0;4;
BCD_TO_DINT.<RET>;37;4;4;
BCD_TO_INT.Num;38;0;2;
BCD_TO_INT.<RET>;38;2;2;
BCD_TO_SINT.Num;39;0;1;
BCD_TO_SINT.<RET>;39;1;1;
BIT_FIELDPACK.StartAddrBits;40;0;4;
BIT_FIELDPACK.StartIndx;40;4;4;
BIT_FIELDPACK.EndIndx;40;8;4;
BIT_FIELDPACK.BitsTogether;40;12;4;
BIT_FIELDPACK.StartAddrPacked;40;16;4;
BIT_FIELDPACK.<RET>;40;20;1;
BIT_FIELDSCAN.StartAddr;41;0;4;
BIT_FIELDSCAN.StartIndx;41;4;4;
BIT_FIELDSCAN.EndIndx;41;8;4;
BIT_FIELDSCAN.<RET>;41;12;4;
BIT_FIELDSCANPACK.StartAddrBits;42;0;4;
BIT_FIELDSCANPACK.StartIndx;42;4;4;
BIT_FIELDSCANPACK.EndIndx;42;8;4;
BIT_FIELDSCANPACK.BitsTogether;42;12;4;
BIT_FIELDSCANPACK.StartAddrPacked;42;16;4;
BIT_FIELDSCANPACK.<RET>;42;20;4;
BIT_PACK.StartAddr;43;0;4;
BIT_PACK.NumberOf;43;4;4;
BIT_PACK.<RET>;43;8;4;
BIT_SPLIT.StartAddr;44;0;4;
BIT_SPLIT.NumberOf;44;4;4;
BIT_SPLIT.Value;44;8;4;
BIT_SPLIT.<RET>;44;12;4;
DINT_TO_BCD.Num;45;0;4;
DINT_TO_BCD.<RET>;45;4;4;
HWIO_PACK16.StartAddr;46;0;4;
HWIO_PACK16.EndAddr;46;4;4;
HWIO_PACK16.<RET>;46;8;2;
HWIO_PACK32.StartAddr;47;0;4;
HWIO_PACK32.EndAddr;47;4;4;
HWIO_PACK32.<RET>;47;8;4;
HWIO_PACK8.StartAddr;48;0;4;
HWIO_PACK8.EndAddr;48;4;4;
HWIO_PACK8.<RET>;48;8;1;
HWIO_UNPACK.Packed;49;0;4;
HWIO_UNPACK.StartAddr;49;4;4;
HWIO_UNPACK.EndAddr;49;8;4;
HWIO_UNPACK.NumberOf;49;12;4;
HWIO_UNPACK.<RET>;49;16;4;
INT_TO_BCD.Num;50;0;2;
INT_TO_BCD.<RET>;50;2;2;
M100_PWMDUTYCYCLECONV.DutyCycle;51;0;4;
M100_PWMDUTYCYCLECONV.<RET>;51;4;2;
.M100IO_GETCOUNTEDEVENT;0;0;7;
M100IO_GETCOUNTEDEVENT.LastCounter;52;0;2;
M100IO_GETCOUNTEDEVENT.Value;52;2;1;
M100IO_GETCOUNTEDEVENT.State;52;3;1;
M100IO_GETCOUNTEDEVENT.Counter;52;4;2;
M100IO_GETCOUNTEDEVENT.NewEvent;52;6;1;
MEM_ATOMICCOPY.Dst;53;0;4;
MEM_ATOMICCOPY.Src;53;4;4;
MEM_ATOMICCOPY.Len;53;8;4;
MEM_ATOMICCOPY.<RET>;53;12;4;
MEM_CLEAR.AreaCode;54;0;4;
MEM_CLEAR.<RET>;54;4;4;
MEM_COPY.Dst;55;0;4;
MEM_COPY.Src;55;4;4;
MEM_COPY.Len;55;8;4;
MEM_COPY.<RET>;55;12;4;
MEM_GETSIZE.AreaCode;56;0;4;
MEM_GETSIZE.<RET>;56;4;4;
MSYS_GETCPUINFO.Dummy;61;0;4;
MSYS_GETCPUINFO.<RET>;61;4;64;
MSYS_GETDIRNAME.DirCode;62;0;4;
MSYS_GETDIRNAME.<RET>;62;4;256;
MSYS_GOPANIC.Dummy;63;0;4;
MSYS_GOPANIC.<RET>;63;4;4;
MSYS_WDOGSET.WatchTime;64;0;4;
MSYS_WDOGSET.IsMicro;64;4;1;
MSYS_WDOGSET.<RET>;64;5;4;
MSYS_WDOGTRIGGER.Dummy;65;0;4;
MSYS_WDOGTRIGGER.<RET>;65;4;4;
PF_CONTROL.Cmnd;66;0;4;
PF_CONTROL.<RET>;66;4;4;
PF_GETBOOL.Section;67;0;81;
PF_GETBOOL.Group;67;81;81;
PF_GETBOOL.Keyword;67;162;81;
PF_GETBOOL.Default;67;243;4;
PF_GETBOOL.Value;67;247;4;
PF_GETBOOL.StartLine;67;251;4;
PF_GETBOOL.FileName;67;255;81;
PF_GETBOOL.<RET>;67;336;4;
PF_GETBOOLEXT.Section;68;0;81;
PF_GETBOOLEXT.Group;68;81;81;
PF_GETBOOLEXT.Set;68;162;81;
PF_GETBOOLEXT.Unit;68;243;81;
PF_GETBOOLEXT.Keyword;68;324;81;
PF_GETBOOLEXT.Default;68;405;4;
PF_GETBOOLEXT.Value;68;409;4;
PF_GETBOOLEXT.StartLine;68;413;4;
PF_GETBOOLEXT.FileName;68;417;81;
PF_GETBOOLEXT.<RET>;68;498;4;
PF_GETINT.Section;69;0;81;
PF_GETINT.Group;69;81;81;
PF_GETINT.Keyword;69;162;81;
PF_GETINT.Default;69;243;4;
PF_GETINT.Value;69;247;4;
PF_GETINT.StartLine;69;251;4;
PF_GETINT.FileName;69;255;81;
PF_GETINT.<RET>;69;336;4;
PF_GETINTEXT.Section;70;0;81;
PF_GETINTEXT.Group;70;81;81;
PF_GETINTEXT.Set;70;162;81;
PF_GETINTEXT.Unit;70;243;81;
PF_GETINTEXT.Keyword;70;324;81;
PF_GETINTEXT.Default;70;405;4;
PF_GETINTEXT.Value;70;409;4;
PF_GETINTEXT.StartLine;70;413;4;
PF_GETINTEXT.FileName;70;417;81;
PF_GETINTEXT.<RET>;70;498;4;
PF_GETSECGRP.Section;71;0;16;
PF_GETSECGRP.Group;71;16;16;
PF_GETSECGRP.LastLine;71;32;4;
PF_GETSECGRP.FileName;71;36;81;
PF_GETSECGRP.<RET>;71;117;4;
PF_GETSTRG.Section;72;0;81;
PF_GETSTRG.Group;72;81;81;
PF_GETSTRG.Keyword;72;162;81;
PF_GETSTRG.Default;72;243;81;
PF_GETSTRG.Value;72;324;81;
PF_GETSTRG.StartLine;72;405;4;
PF_GETSTRG.FileName;72;409;81;
PF_GETSTRG.<RET>;72;490;4;
PF_GETSTRG2.Section;73;0;81;
PF_GETSTRG2.Group;73;81;81;
PF_GETSTRG2.Keyword;73;162;81;
PF_GETSTRG2.Default;73;243;81;
PF_GETSTRG2.Value;73;324;256;
PF_GETSTRG2.StartLine;73;580;4;
PF_GETSTRG2.FileName;73;584;81;
PF_GETSTRG2.<RET>;73;665;4;
PF_GETSTRGEXT.Section;74;0;81;
PF_GETSTRGEXT.Group;74;81;81;
PF_GETSTRGEXT.Set;74;162;81;
PF_GETSTRGEXT.Unit;74;243;81;
PF_GETSTRGEXT.Keyword;74;324;81;
PF_GETSTRGEXT.Default;74;405;81;
PF_GETSTRGEXT.Value;74;486;256;
PF_GETSTRGEXT.StartLine;74;742;4;
PF_GETSTRGEXT.FileName;74;746;81;
PF_GETSTRGEXT.<RET>;74;827;4;
.PF_SETSTRG_NB;0;0;599;
PF_SETSTRG_NB.Pltd;75;0;4;
PF_SETSTRG_NB.Req;75;4;1;
PF_SETSTRG_NB.Section;75;5;81;
PF_SETSTRG_NB.Group;75;86;81;
PF_SETSTRG_NB.Keyword;75;167;81;
PF_SETSTRG_NB.Value;75;248;256;
PF_SETSTRG_NB.StartLine;75;504;4;
PF_SETSTRG_NB.FileName;75;508;81;
PF_SETSTRG_NB.Done;75;589;1;
PF_SETSTRG_NB.Error;75;590;1;
PF_SETSTRG_NB.Status;75;591;4;
PF_SETSTRG_NB.WrittenLine;75;595;4;
.PF_SETSTRGEXT_NB;0;0;761;
PF_SETSTRGEXT_NB.Pltd;76;0;4;
PF_SETSTRGEXT_NB.Req;76;4;1;
PF_SETSTRGEXT_NB.Section;76;5;81;
PF_SETSTRGEXT_NB.Group;76;86;81;
PF_SETSTRGEXT_NB.Set;76;167;81;
PF_SETSTRGEXT_NB.Unit;76;248;81;
PF_SETSTRGEXT_NB.Keyword;76;329;81;
PF_SETSTRGEXT_NB.Value;76;410;256;
PF_SETSTRGEXT_NB.StartLine;76;666;4;
PF_SETSTRGEXT_NB.FileName;76;670;81;
PF_SETSTRGEXT_NB.Done;76;751;1;
PF_SETSTRGEXT_NB.Error;76;752;1;
PF_SETSTRGEXT_NB.Status;76;753;4;
PF_SETSTRGEXT_NB.WrittenLine;76;757;4;
RTC_GETCLOCK.dummy;77;0;1;
RTC_GETCLOCK.<RET>;77;1;8;
SINT_TO_BCD.Num;78;0;1;
SINT_TO_BCD.<RET>;78;1;1;
TCS_ARG_GETARGSTRING.Dummy;79;0;4;
TCS_ARG_GETARGSTRING.<RET>;79;4;256;
TCS_ARG_GETCONFIG.Dummy;81;0;4;
TCS_ARG_GETCONFIG.<RET>;81;4;68;
TCS_CYC_GETCYCSTAT.Dummy;83;0;4;
TCS_CYC_GETCYCSTAT.<RET>;83;4;68;
TCS_CYC_GETMAINRATIO.Dummy;84;0;4;
TCS_CYC_GETMAINRATIO.<RET>;84;4;4;
TCS_CYC_REINITCYCSTAT.Dummy;85;0;4;
TCS_CYC_REINITCYCSTAT.<RET>;85;4;4;
TCS_CYC_SETCYCSTAT.CycTime;86;0;4;
TCS_CYC_SETCYCSTAT.MainRatio;86;4;4;
TCS_CYC_SETCYCSTAT.Priority;86;8;4;
TCS_CYC_SETCYCSTAT.<RET>;86;12;4;
TCS_EXC_CHECK.Dummy;87;0;4;
TCS_EXC_CHECK.<RET>;87;4;4;
TCS_OLC_CHECK.Dummy;88;0;4;
TCS_OLC_CHECK.<RET>;88;4;4;
TCS_RTC_BUILDDT.Clock;90;0;36;
TCS_RTC_BUILDDT.<RET>;90;36;4;
TCS_RTC_GETDATEANDTIME.Dummy;91;0;4;
TCS_RTC_GETDATEANDTIME.<RET>;91;4;4;
TCS_RTC_GETTIME.Dummy;92;0;4;
TCS_RTC_GETTIME.<RET>;92;4;4;
TCS_RTC_LOCALTIME.D;93;0;4;
TCS_RTC_LOCALTIME.<RET>;93;4;36;
TCS_RTC_SETDATEANDTIME.D;94;0;4;
TCS_RTC_SETDATEANDTIME.<RET>;94;4;4;
TCS_RTC_UTCTIME.D;95;0;4;
TCS_RTC_UTCTIME.<RET>;95;4;36;
UTIL64_ARRAY_TO_TIMESTAMP.TimestampNs;97;0;8;
UTIL64_ARRAY_TO_TIMESTAMP.TimestampResult;97;8;4;
UTIL64_ARRAY_TO_TIMESTAMP.<RET>;97;12;4;
UTIL64_DATETIME_TO_TIMESTAMP.DateTime;99;0;12;
UTIL64_DATETIME_TO_TIMESTAMP.TimestampResult;99;12;4;
UTIL64_DATETIME_TO_TIMESTAMP.<RET>;99;16;4;
UTIL64_ECTIME_TO_TIMESTAMP.ECTime;100;0;8;
UTIL64_ECTIME_TO_TIMESTAMP.TimestampResult;100;8;4;
UTIL64_ECTIME_TO_TIMESTAMP.<RET>;100;12;4;
UTIL64_LREAL_TO_TIMESTAMP.TimeNs;101;0;8;
UTIL64_LREAL_TO_TIMESTAMP.TimestampResult;101;8;4;
UTIL64_LREAL_TO_TIMESTAMP.<RET>;101;12;4;
UTIL64_TIMESPEC_TO_TIMESTAMP.Timespec;102;0;8;
UTIL64_TIMESPEC_TO_TIMESTAMP.TimestampResult;102;8;4;
UTIL64_TIMESPEC_TO_TIMESTAMP.<RET>;102;12;4;
UTIL64_TIMESTAMP_ADD.TimeNs1;103;0;8;
UTIL64_TIMESTAMP_ADD.TimeNs2;103;8;8;
UTIL64_TIMESTAMP_ADD.TimestampResult;103;16;4;
UTIL64_TIMESTAMP_ADD.<RET>;103;20;4;
UTIL64_TIMESTAMP_ADD_EXT.TimeNs1;104;0;8;
UTIL64_TIMESTAMP_ADD_EXT.DurationHours;104;8;4;
UTIL64_TIMESTAMP_ADD_EXT.DurationMinutes;104;12;4;
UTIL64_TIMESTAMP_ADD_EXT.DurationSeconds;104;16;4;
UTIL64_TIMESTAMP_ADD_EXT.DurationMiliseconds;104;20;4;
UTIL64_TIMESTAMP_ADD_EXT.DurationNanoseconds;104;24;4;
UTIL64_TIMESTAMP_ADD_EXT.TimestampResult;104;28;4;
UTIL64_TIMESTAMP_ADD_EXT.<RET>;104;32;4;
UTIL64_TIMESTAMP_EQ.Timestamp1;105;0;8;
UTIL64_TIMESTAMP_EQ.Timestamp2;105;8;8;
UTIL64_TIMESTAMP_EQ.<RET>;105;16;1;
UTIL64_TIMESTAMP_GE.Timestamp1;106;0;8;
UTIL64_TIMESTAMP_GE.Timestamp2;106;8;8;
UTIL64_TIMESTAMP_GE.<RET>;106;16;1;
UTIL64_TIMESTAMP_GT.Timestamp1;107;0;8;
UTIL64_TIMESTAMP_GT.Timestamp2;107;8;8;
UTIL64_TIMESTAMP_GT.<RET>;107;16;1;
UTIL64_TIMESTAMP_LE.Timestamp1;108;0;8;
UTIL64_TIMESTAMP_LE.Timestamp2;108;8;8;
UTIL64_TIMESTAMP_LE.<RET>;108;16;1;
UTIL64_TIMESTAMP_LT.Timestamp1;109;0;8;
UTIL64_TIMESTAMP_LT.Timestamp2;109;8;8;
UTIL64_TIMESTAMP_LT.<RET>;109;16;1;
UTIL64_TIMESTAMP_SUB.TimeNsMinuend;110;0;8;
UTIL64_TIMESTAMP_SUB.TimeNsSubtrahend;110;8;8;
UTIL64_TIMESTAMP_SUB.TimestampResult;110;16;4;
UTIL64_TIMESTAMP_SUB.<RET>;110;20;4;
.UTIL64_TIMESTAMP_SUB_EXT;0;0;37;
UTIL64_TIMESTAMP_SUB_EXT.TimeNsMinuend;111;0;8;
UTIL64_TIMESTAMP_SUB_EXT.TimeNsSubtrahend;111;8;8;
UTIL64_TIMESTAMP_SUB_EXT.calcAbsoluteDurations;111;16;1;
UTIL64_TIMESTAMP_SUB_EXT.DurationHours;111;17;4;
UTIL64_TIMESTAMP_SUB_EXT.DurationMinutes;111;21;4;
UTIL64_TIMESTAMP_SUB_EXT.DurationSeconds;111;25;4;
UTIL64_TIMESTAMP_SUB_EXT.DurationMiliseconds;111;29;4;
UTIL64_TIMESTAMP_SUB_EXT.DurationNanoseconds;111;33;4;
UTIL64_TIMESTAMP_TO_ARRAY.Index7001;112;0;2;
UTIL64_TIMESTAMP_TO_ARRAY.TimestampNs;112;2;8;
UTIL64_TIMESTAMP_TO_ARRAY.<RET>;112;10;8;
UTIL64_TIMESTAMP_TO_DATETIME.Timestamp;113;0;8;
UTIL64_TIMESTAMP_TO_DATETIME.DateTimeResult;113;8;4;
UTIL64_TIMESTAMP_TO_DATETIME.<RET>;113;12;4;
UTIL64_TIMESTAMP_TO_ECTIME.Timestamp;114;0;8;
UTIL64_TIMESTAMP_TO_ECTIME.ECTimeResult;114;8;4;
UTIL64_TIMESTAMP_TO_ECTIME.<RET>;114;12;4;
UTIL64_TIMESTAMP_TO_LREAL.TimestampNs;115;0;8;
UTIL64_TIMESTAMP_TO_LREAL.<RET>;115;8;8;
UTIL64_TIMESTAMP_TO_TIMESPEC.TimestampNs;116;0;8;
UTIL64_TIMESTAMP_TO_TIMESPEC.TimespecResult;116;8;4;
UTIL64_TIMESTAMP_TO_TIMESPEC.<RET>;116;12;4;
UTIL_ADDINT.Str;117;0;256;
UTIL_ADDINT.Val;117;256;4;
UTIL_ADDINT.<RET>;117;260;256;
.UTIL_CALLCFCN;0;0;120;
UTIL_CALLCFCN.FcnHandle;118;0;4;
UTIL_CALLCFCN.Cmd;118;4;4;
UTIL_CALLCFCN.Param1;118;8;4;
UTIL_CALLCFCN.Param2;118;12;4;
UTIL_CALLCFCN.Param3;118;16;4;
UTIL_CALLCFCN.Param4;118;20;4;
UTIL_CALLCFCN.Param5;118;24;4;
UTIL_CALLCFCN.Param6;118;28;4;
UTIL_CALLCFCN.FcnName;118;32;80;
UTIL_CALLCFCN.State;118;112;4;
UTIL_CALLCFCN.FcnReturn;118;116;4;
.UTIL_CALLCFCNEX;0;0;120;
UTIL_CALLCFCNEX.Cmd;119;0;4;
UTIL_CALLCFCNEX.Param1;119;4;4;
UTIL_CALLCFCNEX.Param2;119;8;4;
UTIL_CALLCFCNEX.Param3;119;12;4;
UTIL_CALLCFCNEX.Param4;119;16;4;
UTIL_CALLCFCNEX.Param5;119;20;4;
UTIL_CALLCFCNEX.Param6;119;24;4;
UTIL_CALLCFCNEX.FcnName;119;28;80;
UTIL_CALLCFCNEX.FcnHandle;119;108;4;
UTIL_CALLCFCNEX.State;119;112;4;
UTIL_CALLCFCNEX.FcnReturn;119;116;4;
.UTIL_CALLCFCNNB;0;0;141;
UTIL_CALLCFCNNB.pLTD;120;0;4;
UTIL_CALLCFCNNB.ExecuteM;120;4;1;
UTIL_CALLCFCNNB.Execute;120;5;1;
UTIL_CALLCFCNNB.FcnName;120;6;80;
UTIL_CALLCFCNNB.FcnHandle;120;86;4;
UTIL_CALLCFCNNB.Param1;120;90;4;
UTIL_CALLCFCNNB.Param2;120;94;4;
UTIL_CALLCFCNNB.Param3;120;98;4;
UTIL_CALLCFCNNB.Param4;120;102;4;
UTIL_CALLCFCNNB.Param5;120;106;4;
UTIL_CALLCFCNNB.Param6;120;110;4;
UTIL_CALLCFCNNB.Param7;120;114;4;
UTIL_CALLCFCNNB.Param8;120;118;4;
UTIL_CALLCFCNNB.Param9;120;122;4;
UTIL_CALLCFCNNB.Mode;120;126;4;
UTIL_CALLCFCNNB.FcnReturn;120;130;4;
UTIL_CALLCFCNNB.Done;120;134;1;
UTIL_CALLCFCNNB.Busy;120;135;1;
UTIL_CALLCFCNNB.Error;120;136;1;
UTIL_CALLCFCNNB.ErrorID;120;137;4;
UTIL_CHR.Chr;121;0;1;
UTIL_CHR.<RET>;121;1;2;
UTIL_DT_TO_TM.DateAndTime;123;0;4;
UTIL_DT_TO_TM.<RET>;123;4;36;
.UTIL_DT_TO_TM_NB;0;0;51;
UTIL_DT_TO_TM_NB.PLTD;124;0;4;
UTIL_DT_TO_TM_NB.REQ;124;4;1;
UTIL_DT_TO_TM_NB.DATEANDTIME;124;5;4;
UTIL_DT_TO_TM_NB.DONE;124;9;1;
UTIL_DT_TO_TM_NB.ERROR;124;10;1;
UTIL_DT_TO_TM_NB.STATUS;124;11;4;
UTIL_DT_TO_TM_NB.DateAndTimeTm;124;15;36;
UTIL_ERRORSTRING.Code;125;0;4;
UTIL_ERRORSTRING.<RET>;125;4;256;
UTIL_GETCLOCK.Source;126;0;4;
UTIL_GETCLOCK.<RET>;126;4;8;
UTIL_GETCLOCKMONOTONIC.Dummy;127;0;4;
UTIL_GETCLOCKMONOTONIC.<RET>;127;4;8;
UTIL_GETCOREINDEX.pCoreIndex;128;0;4;
UTIL_GETCOREINDEX.<RET>;128;4;4;
UTIL_GETCYCSTAT.Dummy;130;0;4;
UTIL_GETCYCSTAT.<RET>;130;4;48;
UTIL_GETPROCTIME.Dummy;131;0;4;
UTIL_GETPROCTIME.<RET>;131;4;4;
.UTIL_GETSYMVALBYNAME;0;0;91;
UTIL_GETSYMVALBYNAME.SymHandle;132;0;4;
UTIL_GETSYMVALBYNAME.Name;132;4;80;
UTIL_GETSYMVALBYNAME.Length;132;84;1;
UTIL_GETSYMVALBYNAME.Value;132;85;4;
UTIL_GETSYMVALBYNAME.State;132;89;2;
UTIL_GETTIMEZONE.TimeZone;133;0;81;
UTIL_GETTIMEZONE.<RET>;133;81;4;
UTIL_GETUTCOFFSET.Dummy;134;0;1;
UTIL_GETUTCOFFSET.<RET>;134;1;4;
UTIL_GETVERSION.dummy;135;0;1;
UTIL_GETVERSION.<RET>;135;1;16;
.UTIL_LIST_CREATE;0;0;16;
UTIL_LIST_CREATE.ElemSize;136;0;4;
UTIL_LIST_CREATE.ListLen;136;4;4;
UTIL_LIST_CREATE.Handle;136;8;4;
UTIL_LIST_CREATE.State;136;12;4;
.UTIL_LIST_GET;0;0;32;
UTIL_LIST_GET.Handle;137;0;4;
UTIL_LIST_GET.DataAddr;137;4;4;
UTIL_LIST_GET.DataLen;137;8;4;
UTIL_LIST_GET.Mode;137;12;4;
UTIL_LIST_GET.FindId;137;16;4;
UTIL_LIST_GET.ElemId;137;20;4;
UTIL_LIST_GET.CopySize;137;24;4;
UTIL_LIST_GET.State;137;28;4;
.UTIL_LIST_INSERT;0;0;28;
UTIL_LIST_INSERT.Handle;138;0;4;
UTIL_LIST_INSERT.DataAddr;138;4;4;
UTIL_LIST_INSERT.DataLen;138;8;4;
UTIL_LIST_INSERT.Mode;138;12;4;
UTIL_LIST_INSERT.ElemId;138;16;4;
UTIL_LIST_INSERT.CopySize;138;20;4;
UTIL_LIST_INSERT.State;138;24;4;
.UTIL_LIST_REMOVE;0;0;16;
UTIL_LIST_REMOVE.Handle;139;0;4;
UTIL_LIST_REMOVE.Mode;139;4;4;
UTIL_LIST_REMOVE.ElemId;139;8;4;
UTIL_LIST_REMOVE.State;139;12;4;
UTIL_LOGERR.Str;140;0;256;
UTIL_LOGERR.<RET>;140;256;4;
UTIL_LOGINFO.Str;141;0;256;
UTIL_LOGINFO.<RET>;141;256;4;
UTIL_LOGSETDEBUGMODE.UseDebugMode;142;0;1;
UTIL_LOGSETDEBUGMODE.<RET>;142;1;4;
UTIL_LOGWRN.Str;143;0;256;
UTIL_LOGWRN.<RET>;143;256;4;
UTIL_ORD.Str;144;0;256;
UTIL_ORD.Index;144;256;4;
UTIL_ORD.<RET>;144;260;1;
UTIL_RTC_GETDATEANDTIME.Mode;145;0;4;
UTIL_RTC_GETDATEANDTIME.<RET>;145;4;4;
UTIL_RTC_SETDATEANDTIME.DateAndTime;146;0;4;
UTIL_RTC_SETDATEANDTIME.Mode;146;4;4;
UTIL_RTC_SETDATEANDTIME.<RET>;146;8;4;
UTIL_SETCORECATEGORY.CoreCategory;147;0;81;
UTIL_SETCORECATEGORY.<RET>;147;81;4;
UTIL_SETCYCSTAT.CycTime;148;0;4;
UTIL_SETCYCSTAT.MainRatio;148;4;4;
UTIL_SETCYCSTAT.Priority;148;8;4;
UTIL_SETCYCSTAT.<RET>;148;12;4;
.UTIL_SETSYMVALBYNAME;0;0;91;
UTIL_SETSYMVALBYNAME.SymHandle;149;0;4;
UTIL_SETSYMVALBYNAME.Name;149;4;80;
UTIL_SETSYMVALBYNAME.Value;149;84;4;
UTIL_SETSYMVALBYNAME.Length;149;88;1;
UTIL_SETSYMVALBYNAME.State;149;89;2;
UTIL_SETTIMEZONE.TimeZone;150;0;81;
UTIL_SETTIMEZONE.Remanent;150;81;1;
UTIL_SETTIMEZONE.<RET>;150;82;4;
UTIL_TM_TO_DT.DateAndTime;151;0;36;
UTIL_TM_TO_DT.<RET>;151;36;4;
.UTIL_TM_TO_DT_NB;0;0;51;
UTIL_TM_TO_DT_NB.PLTD;152;0;4;
UTIL_TM_TO_DT_NB.REQ;152;4;1;
UTIL_TM_TO_DT_NB.DateAndTimeTm;152;5;36;
UTIL_TM_TO_DT_NB.DONE;152;41;1;
UTIL_TM_TO_DT_NB.ERROR;152;42;1;
UTIL_TM_TO_DT_NB.STATUS;152;43;4;
UTIL_TM_TO_DT_NB.DateAndTime;152;47;4;
.MSYS_CPUINFO;0;0;64;
MSYS_CPUINFO.RetCode;60;0;4;
MSYS_CPUINFO.CpuSwitch;60;4;4;
MSYS_CPUINFO.ProcNum;60;8;4;
MSYS_CPUINFO.CpuClock;60;12;4;
MSYS_CPUINFO.TickRate;60;16;4;
MSYS_CPUINFO.TimeSlice;60;20;4;
MSYS_CPUINFO.TotalTicks;60;24;4;
MSYS_CPUINFO.AuxClkRate;60;28;4;
MSYS_CPUINFO.RestartCount;60;32;4;
MSYS_CPUINFO.DebugMode;60;36;4;
MSYS_CPUINFO.SizeDRam;60;40;4;
MSYS_CPUINFO.SizeNVRam;60;44;4;
MSYS_CPUINFO.ProcType;60;48;4;
MSYS_CPUINFO.pExtCpuInfo;60;52;4;
MSYS_CPUINFO.pEthStatist;60;56;4;
MSYS_CPUINFO.EnableMMP;60;60;1;
MSYS_CPUINFO.HyperThreading;60;61;1;
MSYS_CPUINFO.NbOfCores;60;62;1;
MSYS_CPUINFO.ReservedCores;60;63;1;
.MSYS_ETHSTAT;0;0;464;
MSYS_ETHSTAT.InOverloadCount;59;0;4;
MSYS_ETHSTAT.OutOverloadCount;59;4;4;
MSYS_ETHSTAT.BcOverloadCount;59;8;4;
MSYS_ETHSTAT.InBytes100msPeak;59;12;4;
MSYS_ETHSTAT.BcBytes100msPeak;59;16;4;
MSYS_ETHSTAT.OutBytes100msPeak;59;20;4;
MSYS_ETHSTAT.StartTicks10ms;59;24;40;
MSYS_ETHSTAT.InBytes10ms;59;64;40;
MSYS_ETHSTAT.BcBytes10ms;59;104;40;
MSYS_ETHSTAT.OutBytes10ms;59;144;40;
MSYS_ETHSTAT.CurrIndex100s;59;184;4;
MSYS_ETHSTAT.InPacks100s;59;188;40;
MSYS_ETHSTAT.InBytes100s;59;228;40;
MSYS_ETHSTAT.BcPacks100s;59;268;40;
MSYS_ETHSTAT.BcBytes100s;59;308;40;
MSYS_ETHSTAT.OutPacks100s;59;348;40;
MSYS_ETHSTAT.OutBytes100s;59;388;40;
MSYS_ETHSTAT.InPacksTotal;59;428;4;
MSYS_ETHSTAT.InBytesTotalLow;59;432;4;
MSYS_ETHSTAT.InBytesTotalHigh;59;436;4;
MSYS_ETHSTAT.BcPacksTotal;59;440;4;
MSYS_ETHSTAT.BcBytesTotalLow;59;444;4;
MSYS_ETHSTAT.BcBytesTotalHigh;59;448;4;
MSYS_ETHSTAT.OutPacksTotal;59;452;4;
MSYS_ETHSTAT.OutBytesTotalLow;59;456;4;
MSYS_ETHSTAT.OutBytesTotalHigh;59;460;4;
.MSYS_EXTCPUINFO;0;0;180;
MSYS_EXTCPUINFO.CurrTemp;58;0;4;
MSYS_EXTCPUINFO.MinTemp;58;4;4;
MSYS_EXTCPUINFO.MaxTemp;58;8;4;
MSYS_EXTCPUINFO.CpuUsage100Low;58;12;4;
MSYS_EXTCPUINFO.CpuUsage100High;58;16;4;
MSYS_EXTCPUINFO.CpuUsage1000Low;58;20;4;
MSYS_EXTCPUINFO.CpuUsage1000High;58;24;4;
MSYS_EXTCPUINFO.CpuUsageTotalLow;58;28;4;
MSYS_EXTCPUINFO.CpuUsageTotalHigh;58;32;4;
MSYS_EXTCPUINFO.TotalTimeLow;58;36;4;
MSYS_EXTCPUINFO.TotalTimeHigh;58;40;4;
MSYS_EXTCPUINFO.Spare;58;44;16;
MSYS_EXTCPUINFO.UnitsTime;58;60;4;
MSYS_EXTCPUINFO.LastIdleTime;58;64;4;
MSYS_EXTCPUINFO.MaxPccErases;58;68;4;
MSYS_EXTCPUINFO.MaxFlashErases;58;72;4;
MSYS_EXTCPUINFO.StrayInterrupts;58;76;4;
MSYS_EXTCPUINFO.SyncHigh;58;80;4;
MSYS_EXTCPUINFO.SyncLow;58;84;4;
MSYS_EXTCPUINFO.pSyncCount;58;88;4;
MSYS_EXTCPUINFO.pAuxClkCount;58;92;4;
MSYS_EXTCPUINFO.PccPresent;58;96;1;
MSYS_EXTCPUINFO.PccPluggedIn;58;97;1;
MSYS_EXTCPUINFO.PccWritable;58;98;1;
MSYS_EXTCPUINFO.PccCheckError;58;99;1;
MSYS_EXTCPUINFO.FlashPresent;58;100;1;
MSYS_EXTCPUINFO.FlashWritable;58;101;1;
MSYS_EXTCPUINFO.FlashCheckError;58;102;1;
MSYS_EXTCPUINFO.NVRamSupplError;58;103;1;
MSYS_EXTCPUINFO.NVRamCheckError;58;104;1;
MSYS_EXTCPUINFO.StackCheckError;58;105;1;
MSYS_EXTCPUINFO.DRamCheckError;58;106;1;
MSYS_EXTCPUINFO.RTCError;58;107;1;
MSYS_EXTCPUINFO.SoftBootError;58;108;1;
MSYS_EXTCPUINFO.HardBootError;58;109;1;
MSYS_EXTCPUINFO.LongNameEnable;58;110;1;
MSYS_EXTCPUINFO.TickSource;58;111;1;
MSYS_EXTCPUINFO.SntpTimestamp;58;112;4;
MSYS_EXTCPUINFO.RebootReason;58;116;4;
MSYS_EXTCPUINFO.RebootInf;58;120;40;
MSYS_EXTCPUINFO.SntpTimeRecv;58;160;8;
MSYS_EXTCPUINFO.SntpTimeCorr;58;168;8;
MSYS_EXTCPUINFO.SntpMaxCorrection;58;176;4;
.TCS_ARGINFO;0;0;68;
TCS_ARGINFO.Verbose;80;0;4;
TCS_ARGINFO.StopAfterStart;80;4;4;
TCS_ARGINFO.ConfState;80;8;4;
TCS_ARGINFO.TimeSlice;80;12;4;
TCS_ARGINFO.WithWatchdog;80;16;4;
TCS_ARGINFO.WatchTime;80;20;4;
TCS_ARGINFO.MissingModules;80;24;4;
TCS_ARGINFO.ArgNumber;80;28;4;
TCS_ARGINFO.ArgStringLen;80;32;4;
TCS_ARGINFO.Name;80;36;16;
TCS_ARGINFO.VersCode;80;52;12;
TCS_ARGINFO.VersType;80;64;4;
.TCS_CLOCK;0;0;36;
TCS_CLOCK.Second;89;0;4;
TCS_CLOCK.Minute;89;4;4;
TCS_CLOCK.Hour;89;8;4;
TCS_CLOCK.Day;89;12;4;
TCS_CLOCK.Month;89;16;4;
TCS_CLOCK.Year;89;20;4;
TCS_CLOCK.WeekDay;89;24;4;
TCS_CLOCK.YearDay;89;28;4;
TCS_CLOCK.DSTFlag;89;32;4;
.TCS_CYCSTAT;0;0;68;
TCS_CYCSTAT.EntrySize;82;0;4;
TCS_CYCSTAT.EntryType;82;4;4;
TCS_CYCSTAT.Running;82;8;4;
TCS_CYCSTAT.Priority;82;12;4;
TCS_CYCSTAT.CycTime;82;16;4;
TCS_CYCSTAT.DiffTime;82;20;4;
TCS_CYCSTAT.MinTime;82;24;4;
TCS_CYCSTAT.MaxTime;82;28;4;
TCS_CYCSTAT.AvgTime;82;32;4;
TCS_CYCSTAT.AvgParam;82;36;4;
TCS_CYCSTAT.CycCnt;82;40;4;
TCS_CYCSTAT.Activity;82;44;4;
TCS_CYCSTAT.LastTime;82;48;4;
TCS_CYCSTAT.MinRunTime;82;52;4;
TCS_CYCSTAT.MaxRunTime;82;56;4;
TCS_CYCSTAT.AvgRunTime;82;60;4;
TCS_CYCSTAT.Running_us;82;64;4;
.TIMESPEC;0;0;8;
TIMESPEC.DateAndTime;57;0;4;
TIMESPEC.NanoSeconds;57;4;4;
.UTIL64_DATETIME;0;0;12;
UTIL64_DATETIME.DateValue;98;0;4;
UTIL64_DATETIME.TimeValue;98;4;4;
UTIL64_DATETIME.NanoSeconds;98;8;4;
.UTIL64_TIMESTAMP;0;0;8;
UTIL64_TIMESTAMP.TimestampNsLow;96;0;4;
UTIL64_TIMESTAMP.TimestampNsHigh;96;4;4;
.UTIL_CYCSTAT;0;0;48;
UTIL_CYCSTAT.Priority;129;0;4;
UTIL_CYCSTAT.CycTime;129;4;4;
UTIL_CYCSTAT.MainRatio;129;8;4;
UTIL_CYCSTAT.CycCnt;129;12;4;
UTIL_CYCSTAT.RunTimeMin;129;16;4;
UTIL_CYCSTAT.RunTimeMax;129;20;4;
UTIL_CYCSTAT.RunTimeAvg;129;24;4;
UTIL_CYCSTAT.RunTimeTotal;129;28;4;
UTIL_CYCSTAT.CycleTimeMin;129;32;4;
UTIL_CYCSTAT.CycleTimeMax;129;36;4;
UTIL_CYCSTAT.CycleTimeAvg;129;40;4;
UTIL_CYCSTAT.ErrorCode;129;44;4;
.UTIL_TM;0;0;36;
UTIL_TM.Second;122;0;4;
UTIL_TM.Minute;122;4;4;
UTIL_TM.Hour;122;8;4;
UTIL_TM.Day;122;12;4;
UTIL_TM.Month;122;16;4;
UTIL_TM.Year;122;20;4;
UTIL_TM.WeekDay;122;24;4;
UTIL_TM.YearDay;122;28;4;
UTIL_TM.DSTFlag;122;32;4;
BH_ALARMBITTOALARMARRAY.Index7001;6;446;2;
BH_ALARMBITTOALARMARRAY.AlarmInfo;6;448;1;
BH_ALARMBITTOALARMARRAY.<RET>;6;449;8;
.FB_BRONKHORST_FFDEVICE_RTU;0;0;4694;
FB_BRONKHORST_FFDEVICE_RTU.state;159;0;2;
FB_BRONKHORST_FFDEVICE_RTU.state_next;159;2;2;
FB_BRONKHORST_FFDEVICE_RTU.state_prev;159;4;2;
FB_BRONKHORST_FFDEVICE_RTU.StateEntry;159;6;1;
FB_BRONKHORST_FFDEVICE_RTU.t_init_timeout;159;7;15;
FB_BRONKHORST_FFDEVICE_RTU.init_timeout;159;22;4;
FB_BRONKHORST_FFDEVICE_RTU.sn_valid;159;26;1;
FB_BRONKHORST_FFDEVICE_RTU.msg_str;159;27;256;
FB_BRONKHORST_FFDEVICE_RTU.req_reset;159;283;1;
FB_BRONKHORST_FFDEVICE_RTU.Input_alarm_info_flow;159;284;8;
FB_BRONKHORST_FFDEVICE_RTU.Input_alarm_info_p_up;159;292;8;
FB_BRONKHORST_FFDEVICE_RTU.Input_alarm_info_p_down;159;300;8;
FB_BRONKHORST_FFDEVICE_RTU.Input_p_up_SV_mbarg;159;308;4;
FB_BRONKHORST_FFDEVICE_RTU.Input_p_up_AV_mbarg;159;312;4;
FB_BRONKHORST_FFDEVICE_RTU.Input_p_up_unit_mbarg;159;316;81;
FB_BRONKHORST_FFDEVICE_RTU.Input_p_down_SV_mbarg;159;397;4;
FB_BRONKHORST_FFDEVICE_RTU.Input_p_down_AV_mbarg;159;401;4;
FB_BRONKHORST_FFDEVICE_RTU.Input_p_down_unit_mbarg;159;405;81;
FB_BRONKHORST_FFDEVICE_RTU.FLAG_Alarm;159;486;1;
FB_BRONKHORST_FFDEVICE_RTU.FLAG_Warning;159;487;1;
FB_BRONKHORST_FFDEVICE_RTU.cfg_function_req;159;488;1;
FB_BRONKHORST_FFDEVICE_RTU.cfg_function_act;159;489;1;
FB_BRONKHORST_FFDEVICE_RTU.cfg_mode_req;159;490;1;
FB_BRONKHORST_FFDEVICE_RTU.cfg_mode_act;159;491;1;
FB_BRONKHORST_FFDEVICE_RTU.setpoint_mode_allowed;159;492;1;
FB_BRONKHORST_FFDEVICE_RTU.cfg_pending;159;493;1;
FB_BRONKHORST_FFDEVICE_RTU.sv_req;159;494;12;
FB_BRONKHORST_FFDEVICE_RTU.activePrimary;159;506;101;
FB_BRONKHORST_FFDEVICE_RTU.activeSecondary;159;607;101;
FB_BRONKHORST_FFDEVICE_RTU.secondaryChannelActive;159;708;1;
FB_BRONKHORST_FFDEVICE_RTU.sv_rejected;159;709;1;
FB_BRONKHORST_FFDEVICE_RTU.sv_changed;159;710;1;
FB_BRONKHORST_FFDEVICE_RTU.sv_outofrange;159;711;1;
FB_BRONKHORST_FFDEVICE_RTU.sv_pending;159;712;1;
FB_BRONKHORST_FFDEVICE_RTU.sv_applied;159;713;1;
FB_BRONKHORST_FFDEVICE_RTU.sv_reached;159;714;1;
FB_BRONKHORST_FFDEVICE_RTU.sv_maintained;159;715;1;
FB_BRONKHORST_FFDEVICE_RTU.sv_accepted;159;716;1;
FB_BRONKHORST_FFDEVICE_RTU.sv_active;159;717;1;
FB_BRONKHORST_FFDEVICE_RTU.SV_lower_range_limit;159;718;4;
FB_BRONKHORST_FFDEVICE_RTU.SV_upper_range_limit;159;722;4;
FB_BRONKHORST_FFDEVICE_RTU.AV_lower_range_limit;159;726;4;
FB_BRONKHORST_FFDEVICE_RTU.AV_upper_range_limit;159;730;4;
FB_BRONKHORST_FFDEVICE_RTU.SV_tolerance;159;734;4;
FB_BRONKHORST_FFDEVICE_RTU.SV_in_range;159;738;1;
FB_BRONKHORST_FFDEVICE_RTU.AV_in_range;159;739;1;
FB_BRONKHORST_FFDEVICE_RTU.t_sv_accept;159;740;15;
FB_BRONKHORST_FFDEVICE_RTU.t_av_timeout;159;755;15;
FB_BRONKHORST_FFDEVICE_RTU.t_av_NOTmaintained;159;770;15;
FB_BRONKHORST_FFDEVICE_RTU.prefix;159;785;81;
FB_BRONKHORST_FFDEVICE_RTU.cf_str;159;866;81;
FB_BRONKHORST_FFDEVICE_RTU.cm_str;159;947;81;
FB_BRONKHORST_FFDEVICE_RTU.sv_str;159;1028;81;
FB_BRONKHORST_FFDEVICE_RTU.unit_str;159;1109;81;
FB_BRONKHORST_FFDEVICE_RTU.dev_status_str;159;1190;256;
FB_BRONKHORST_FFDEVICE_RTU.err_msg;159;1446;256;
FB_BRONKHORST_FFDEVICE_RTU.warning_detail_str;159;1702;256;
FB_BRONKHORST_FFDEVICE_RTU.CONTROLMODE_DEACTIVATED;159;1958;1;
FB_BRONKHORST_FFDEVICE_RTU.P_MAX_BAR;159;1959;4;
FB_BRONKHORST_FFDEVICE_RTU.alarm_lable;159;1963;81;
FB_BRONKHORST_FFDEVICE_RTU.error_lable;159;2044;81;
FB_BRONKHORST_FFDEVICE_RTU.warning_lable;159;2125;81;
FB_BRONKHORST_FFDEVICE_RTU.notification_lable;159;2206;81;
FB_BRONKHORST_FFDEVICE_RTU.k;159;2287;2;
FB_BRONKHORST_FFDEVICE_RTU.Input_DeviceInstance;159;2289;891;
FB_BRONKHORST_FFDEVICE_RTU.Input_flow;159;3180;90;
FB_BRONKHORST_FFDEVICE_RTU.Input_p_up;159;3270;90;
FB_BRONKHORST_FFDEVICE_RTU.Input_p_down;159;3360;90;
FB_BRONKHORST_FFDEVICE_RTU.Input_UserTag;159;3450;81;
FB_BRONKHORST_FFDEVICE_RTU.Input_FluidName;159;3531;81;
FB_BRONKHORST_FFDEVICE_RTU.Input_SN;159;3612;81;
FB_BRONKHORST_FFDEVICE_RTU.Input_status;159;3693;1;
FB_BRONKHORST_FFDEVICE_RTU.Input_AlarmMode;159;3694;1;
FB_BRONKHORST_FFDEVICE_RTU.Input_ControlMode;159;3695;1;
FB_BRONKHORST_FFDEVICE_RTU.Input_ControlFunction;159;3696;1;
FB_BRONKHORST_FFDEVICE_RTU.Input_AV_Timeout;159;3697;4;
FB_BRONKHORST_FFDEVICE_RTU.Input_SV_Accept_Timeout;159;3701;4;
FB_BRONKHORST_FFDEVICE_RTU.Output_SVreq_flow;159;3705;4;
FB_BRONKHORST_FFDEVICE_RTU.Output_SVreq_p_up;159;3709;4;
FB_BRONKHORST_FFDEVICE_RTU.Output_SVreq_p_down;159;3713;4;
FB_BRONKHORST_FFDEVICE_RTU.Output_ControlMode;159;3717;1;
FB_BRONKHORST_FFDEVICE_RTU.Output_ControlFunction;159;3718;1;
FB_BRONKHORST_FFDEVICE_RTU.Output_Reset_to_device;159;3719;1;
FB_BRONKHORST_FFDEVICE_RTU.Output_UserTag;159;3720;81;
FB_BRONKHORST_FFDEVICE_RTU.Output_ErrorState;159;3801;2;
FB_BRONKHORST_FFDEVICE_RTU.Output_DeviceInstance;159;3803;891;
INRANGE.Lower;6;457;4;
INRANGE.Value;6;461;4;
INRANGE.Upper;6;465;4;
INRANGE.<RET>;6;469;1;
PLC_PRG.init;6;437;1;
PLC_PRG.DEV_ERROR_STATE;6;438;2;
.BH_ACTIVECHANNEL;0;0;101;
BH_ACTIVECHANNEL.SVreq;155;0;4;
BH_ACTIVECHANNEL.AV;155;4;4;
BH_ACTIVECHANNEL.DeviceSV;155;8;4;
BH_ACTIVECHANNEL.Unit;155;12;81;
BH_ACTIVECHANNEL.SV_Min;155;93;4;
BH_ACTIVECHANNEL.SV_Max;155;97;4;
.BH_DEVICESINGLE;0;0;794;
BH_DEVICESINGLE.state;161;0;2;
BH_DEVICESINGLE.enable;161;2;1;
BH_DEVICESINGLE.SVreq;161;3;4;
BH_DEVICESINGLE.upper_limit;161;7;4;
BH_DEVICESINGLE.lower_limit;161;11;4;
BH_DEVICESINGLE.SV;161;15;4;
BH_DEVICESINGLE.AV;161;19;4;
BH_DEVICESINGLE.density;161;23;4;
BH_DEVICESINGLE.temperature;161;27;4;
BH_DEVICESINGLE.unit;161;31;81;
BH_DEVICESINGLE.unit_T;161;112;81;
BH_DEVICESINGLE.unit_d;161;193;81;
BH_DEVICESINGLE.name;161;274;81;
BH_DEVICESINGLE.media;161;355;81;
BH_DEVICESINGLE.deviceType;161;436;2;
BH_DEVICESINGLE.status_msg;161;438;256;
BH_DEVICESINGLE.status;161;694;2;
BH_DEVICESINGLE.SVaccepted;161;696;1;
BH_DEVICESINGLE.SVrejected;161;697;1;
BH_DEVICESINGLE.SVreached;161;698;1;
BH_DEVICESINGLE.serialnumber;161;699;81;
BH_DEVICESINGLE.reset;161;780;1;
BH_DEVICESINGLE.alarm_reset_enable;161;781;1;
BH_DEVICESINGLE.alarm_info;161;782;8;
BH_DEVICESINGLE.warning;161;790;1;
BH_DEVICESINGLE.alarm;161;791;1;
BH_DEVICESINGLE.control_mode_req;161;792;1;
BH_DEVICESINGLE.control_mode;161;793;1;
.BH_DEVICESINGLEIO;0;0;72;
BH_DEVICESINGLEIO.Instance;162;0;4;
BH_DEVICESINGLEIO.Read_SV;162;4;4;
BH_DEVICESINGLEIO.Read_AV;162;8;4;
BH_DEVICESINGLEIO.Read_unit;162;12;4;
BH_DEVICESINGLEIO.Read_temperature;162;16;4;
BH_DEVICESINGLEIO.Read_density;162;20;4;
BH_DEVICESINGLEIO.Read_alarm_info;162;24;4;
BH_DEVICESINGLEIO.Read_UserTag;162;28;4;
BH_DEVICESINGLEIO.Read_FluidName;162;32;4;
BH_DEVICESINGLEIO.Read_SN;162;36;4;
BH_DEVICESINGLEIO.Read_status;162;40;4;
BH_DEVICESINGLEIO.Read_AlarmMode;162;44;4;
BH_DEVICESINGLEIO.Read_ControlMode;162;48;4;
BH_DEVICESINGLEIO.Write_SVreq;162;52;4;
BH_DEVICESINGLEIO.Write_Reset;162;56;4;
BH_DEVICESINGLEIO.Write_Output_Reset_Alarm_Enable;162;60;4;
BH_DEVICESINGLEIO.Write_ControlMode;162;64;4;
BH_DEVICESINGLEIO.Write_UserTag;162;68;4;
.BH_DEVICESINGLETYPE;0;0;2;
BH_DEVICESINGLETYPE.__;160;0;2;
.BHFF_IO;0;0;104;
BHFF_IO.Instance;163;0;4;
BHFF_IO.Read_SV_flow;163;4;4;
BHFF_IO.Read_AV_flow;163;8;4;
BHFF_IO.Read_unit_flow;163;12;4;
BHFF_IO.Read_alarm_info_flow;163;16;4;
BHFF_IO.Read_SV_p_up;163;20;4;
BHFF_IO.Read_AV_p_up;163;24;4;
BHFF_IO.Read_unit_p_up;163;28;4;
BHFF_IO.Read_alarm_info_p_up;163;32;4;
BHFF_IO.Read_SV_p_down;163;36;4;
BHFF_IO.Read_AV_p_down;163;40;4;
BHFF_IO.Read_unit_p_down;163;44;4;
BHFF_IO.Read_alarm_info_p_down;163;48;4;
BHFF_IO.Read_UserTag;163;52;4;
BHFF_IO.Read_FluidName;163;56;4;
BHFF_IO.Read_SN;163;60;4;
BHFF_IO.Read_status;163;64;4;
BHFF_IO.Read_AlarmMode;163;68;4;
BHFF_IO.Read_ControlMode;163;72;4;
BHFF_IO.Read_ControlFunction;163;76;4;
BHFF_IO.Write_SVreq_flow;163;80;4;
BHFF_IO.Write_SVreq_p_up;163;84;4;
BHFF_IO.Write_SVreq_p_down;163;88;4;
BHFF_IO.Write_ControlMode;163;92;4;
BHFF_IO.Write_ControlFunction;163;96;4;
BHFF_IO.Write_UserTag;163;100;4;
.FF_PROCESSVALUE;0;0;90;
FF_PROCESSVALUE.SV;157;0;4;
FF_PROCESSVALUE.AV;157;4;4;
FF_PROCESSVALUE.Unit;157;8;81;
FF_PROCESSVALUE.AlarmInfo;157;89;1;
.FF_SV_LATCH;0;0;12;
FF_SV_LATCH.Flow;154;0;4;
FF_SV_LATCH.PUp;154;4;4;
FF_SV_LATCH.PDown;154;8;4;
.MFC_BHCORI;0;0;859;
MFC_BHCORI.enable;164;0;1;
MFC_BHCORI.SVreq;164;1;4;
MFC_BHCORI.SV;164;5;4;
MFC_BHCORI.AV;164;9;4;
MFC_BHCORI.density;164;13;4;
MFC_BHCORI.temperature;164;17;4;
MFC_BHCORI.unit;164;21;81;
MFC_BHCORI.unit_T;164;102;81;
MFC_BHCORI.unit_d;164;183;81;
MFC_BHCORI.name;164;264;81;
MFC_BHCORI.media;164;345;81;
MFC_BHCORI.deviceType;164;426;81;
MFC_BHCORI.status_msg;164;507;256;
MFC_BHCORI.status;164;763;2;
MFC_BHCORI.SVreached;164;765;1;
MFC_BHCORI.serialnumber;164;766;81;
MFC_BHCORI.reset;164;847;1;
MFC_BHCORI.alarm_info;164;848;8;
MFC_BHCORI.warning;164;856;1;
MFC_BHCORI.alarm;164;857;1;
MFC_BHCORI.control_mode;164;858;1;
.MFC_BHFF;0;0;891;
MFC_BHFF.state;156;0;2;
MFC_BHFF.enable;156;2;1;
MFC_BHFF.SV_flow_req;156;3;4;
MFC_BHFF.upper_limit;156;7;4;
MFC_BHFF.lower_limit;156;11;4;
MFC_BHFF.SV_flow;156;15;4;
MFC_BHFF.AV_flow;156;19;4;
MFC_BHFF.SV_p_up_req;156;23;4;
MFC_BHFF.SV_p_up;156;27;4;
MFC_BHFF.AV_p_up;156;31;4;
MFC_BHFF.SV_p_down_req;156;35;4;
MFC_BHFF.SV_p_down;156;39;4;
MFC_BHFF.AV_p_down;156;43;4;
MFC_BHFF.unit_SV;156;47;81;
MFC_BHFF.unit_flow;156;128;81;
MFC_BHFF.unit_p;156;209;81;
MFC_BHFF.unit_T;156;290;81;
MFC_BHFF.name;156;371;81;
MFC_BHFF.media;156;452;81;
MFC_BHFF.status_msg;156;533;256;
MFC_BHFF.status;156;789;2;
MFC_BHFF.SVaccepted;156;791;1;
MFC_BHFF.SVrejected;156;792;1;
MFC_BHFF.SVreached;156;793;1;
MFC_BHFF.serialnumber;156;794;81;
MFC_BHFF.reset;156;875;1;
MFC_BHFF.alarm_reset_enable;156;876;1;
MFC_BHFF.alarm_info;156;877;8;
MFC_BHFF.warning;156;885;1;
MFC_BHFF.alarm;156;886;1;
MFC_BHFF.control_mode;156;887;1;
MFC_BHFF.control_function;156;888;1;
MFC_BHFF.control_mode_req;156;889;1;
MFC_BHFF.control_function_req;156;890;1;
.STATE_DEVICE;0;0;2;
STATE_DEVICE.__;153;0;2;
.STATE_DEVICE_ERROR;0;0;2;
STATE_DEVICE_ERROR.__;158;0;2;
.TESTCASE;0;0;2;
TESTCASE.__;165;0;2;
.Index7001;6;440;4;
.Index7002;6;487;4;
.Index7003;6;491;4;
.Index7004;6;495;4;
.Index7005;6;499;4;
.Index7006;6;503;4;
.Index7007;6;507;4;
.Index7008;6;511;4;
.Index7009;6;515;4;
.bBool7001;6;444;1;
.bRetain7001;6;445;1;
.MFC_INSTANCE;6;519;891;
.MFC_CONTROLLER;6;1410;4694;
.TESTCASE;6;6104;2;
.Read_SV_flow;6;6106;4;
.Read_AV_flow;6;6110;4;
.Read_unit_flow;6;6114;81;
.Read_alarm_info_flow;6;6195;1;
.Read_SV_p_up;6;6196;4;
.Read_AV_p_up;6;6200;4;
.Read_unit_p_up;6;6204;81;
.Read_alarm_info_p_up;6;6285;1;
.Read_SV_p_down;6;6286;4;
.Read_AV_p_down;6;6290;4;
.Read_unit_p_down;6;6294;81;
.Read_alarm_info_p_down;6;6375;1;
.Read_UserTag;6;6376;81;
.Read_FluidName;6;6457;81;
.Read_SN;6;6538;81;
.Read_status;6;6619;1;
.Read_AlarmMode;6;6620;1;
.Read_ControlMode;6;6621;1;
.Read_ControlFunction;6;6622;1;
.Write_SVreq_flow;6;6623;4;
.Write_SVreq_p_up;6;6627;4;
.Write_SVreq_p_down;6;6631;4;
.Write_ControlMode;6;6635;1;
.Write_ControlFunction;6;6636;1;
.Write_UserTag;6;6637;81;
.Write_Reset_to_device;6;6718;1;
.STANDARD_LIBVER;6;6719;17;
.STANDARD_MMPREADY;6;6736;1;
